// Jest Snapshot v1, https://goo.gl/fbAQLP

exports[`renders correctly 1`] = `
<View
  accessible={true}
  focusable={false}
  onClick={[Function]}
  onResponderGrant={[Function]}
  onResponderMove={[Function]}
  onResponderRelease={[Function]}
  onResponderTerminate={[Function]}
  onResponderTerminationRequest={[Function]}
  onStartShouldSetResponder={[Function]}
  style={
    Object {
      "alignItems": "center",
      "backgroundColor": "#000000",
      "borderRadius": NaN,
      "elevation": 14,
      "height": NaN,
      "justifyContent": "center",
      "shadowColor": "#000",
      "shadowOffset": Object {
        "height": 7,
        "width": 0,
      },
      "shadowOpacity": 0.41,
      "shadowRadius": 9.11,
      "width": NaN,
    }
  }
>
  <Text
    style={
      Object {
        "color": "#ffffff",
        "fontSize": undefined,
      }
    }
  />
</View>
`;
