// Jest Snapshot v1, https://goo.gl/fbAQLP

exports[`renders correctly 1`] = `
<Modal
  animationType="none"
  deviceHeight={null}
  deviceWidth={null}
  hardwareAccelerated={false}
  hideModalContentWhileAnimating={false}
  onBackdropPress={[Function]}
  onModalHide={[Function]}
  onModalWillHide={[Function]}
  onModalWillShow={[Function]}
  onRequestClose={[Function]}
  panResponderThreshold={4}
  scrollHorizontal={false}
  scrollOffset={0}
  scrollOffsetMax={0}
  scrollTo={null}
  statusBarTranslucent={false}
  supportedOrientations={
    Array [
      "portrait",
      "landscape",
    ]
  }
  swipeThreshold={100}
  transparent={true}
  visible={false}
>
  <View
    forwardedRef={[Function]}
    style={
      Object {
        "backgroundColor": "transparent",
        "bottom": 0,
        "height": 1334,
        "left": 0,
        "opacity": 0,
        "position": "absolute",
        "right": 0,
        "top": 0,
        "width": 750,
      }
    }
  >
    <View
      style={
        Object {
          "backgroundColor": undefined,
          "flex": 1,
        }
      }
    />
  </View>
  <View
    deviceHeight={null}
    deviceWidth={null}
    forwardedRef={[Function]}
    hideModalContentWhileAnimating={false}
    onBackdropPress={[Function]}
    onModalHide={[Function]}
    onModalWillHide={[Function]}
    onModalWillShow={[Function]}
    panResponderThreshold={4}
    pointerEvents="box-none"
    scrollHorizontal={false}
    scrollOffset={0}
    scrollOffsetMax={0}
    scrollTo={null}
    statusBarTranslucent={false}
    style={
      Object {
        "flex": 1,
        "justifyContent": "center",
        "margin": 0,
        "transform": Array [
          Object {
            "translateY": 0,
          },
        ],
      }
    }
    supportedOrientations={
      Array [
        "portrait",
        "landscape",
      ]
    }
    swipeThreshold={100}
  >
    <View
      style={
        Object {
          "alignItems": "center",
          "backgroundColor": undefined,
          "flex": 1,
          "justifyContent": "center",
          "padding": 40,
        }
      }
    >
      <View
        style={
          Object {
            "position": "absolute",
            "right": 40,
            "top": 100,
          }
        }
      >
        <View
          accessible={true}
          focusable={false}
          onClick={[Function]}
          onResponderGrant={[Function]}
          onResponderMove={[Function]}
          onResponderRelease={[Function]}
          onResponderTerminate={[Function]}
          onResponderTerminationRequest={[Function]}
          onStartShouldSetResponder={[Function]}
          style={
            Object {
              "alignItems": "center",
              "backgroundColor": "#ffffff",
              "borderRadius": 40,
              "elevation": 14,
              "height": 80,
              "justifyContent": "center",
              "shadowColor": "#000",
              "shadowOffset": Object {
                "height": 7,
                "width": 0,
              },
              "shadowOpacity": 0.41,
              "shadowRadius": 9.11,
              "width": 80,
            }
          }
        >
          <Text
            style={
              Object {
                "color": "#ffffff",
                "fontSize": 25,
              }
            }
          >
            âœ•
          </Text>
        </View>
      </View>
      <Text
        style={
          Object {
            "color": "#ffffff",
            "fontSize": 50,
            "textAlign": "center",
          }
        }
      />
      <View
        style={
          Object {
            "alignItems": "center",
            "backgroundColor": "rgba(255, 255, 255, .2)",
            "borderRadius": 20,
            "bottom": 100,
            "justifyContent": "center",
            "position": "absolute",
            "width": 240,
          }
        }
      >
        <Text
          style={
            Object {
              "color": "#ffffff",
              "fontSize": 24,
              "padding": 6,
              "textAlign": "center",
            }
          }
        >
          July 7 2021
        </Text>
      </View>
    </View>
  </View>
</Modal>
`;
